[     522ms] [ERROR] Failed to load resource: the server responded with a status of 404 (Not Found) @ http://localhost:3000/favicon.ico:0
[     529ms] [ERROR] [clientesDataAdapter.load] No autorizado @ http://localhost:3000/js/adapters/dataAdapters/clientesDataAdapter.js?t=1772954184149:44
[    3765ms] [ERROR] [prestamosDataAdapter.load] No autorizado @ http://localhost:3000/js/adapters/dataAdapters/prestamosDataAdapter.js?t=1772954184147:42
[   50156ms] [ERROR] [clientesDataAdapter.load] No autorizado @ http://localhost:3000/js/adapters/dataAdapters/clientesDataAdapter.js?t=1772954237768:44
[   50171ms] [ERROR] [prestamosDataAdapter.load] No autorizado @ http://localhost:3000/js/adapters/dataAdapters/prestamosDataAdapter.js?t=1772954237695:42
[   50173ms] [ERROR] [cobranzasDataAdapter.loadOverduePayments] No autorizado @ http://localhost:3000/js/adapters/cobranzasDataAdapter.js?t=1772954237761:72
[   50173ms] [ERROR] [cobranzasDataAdapter.loadActiveCollections] No autorizado @ http://localhost:3000/js/adapters/cobranzasDataAdapter.js?t=1772954237761:126
[   98760ms] [ERROR] [clientesDataAdapter.load] No autorizado @ http://localhost:3000/js/adapters/dataAdapters/clientesDataAdapter.js?t=1772954286345:44
[   98763ms] [ERROR] [prestamosDataAdapter.load] No autorizado @ http://localhost:3000/js/adapters/dataAdapters/prestamosDataAdapter.js?t=1772954286300:42
[   98764ms] [ERROR] [cobranzasDataAdapter.loadOverduePayments] No autorizado @ http://localhost:3000/js/adapters/cobranzasDataAdapter.js?t=1772954286484:72
[   98765ms] [ERROR] [cobranzasDataAdapter.loadActiveCollections] No autorizado @ http://localhost:3000/js/adapters/cobranzasDataAdapter.js?t=1772954286484:126
[  620369ms] [ERROR] [clientesDataAdapter.load] No autorizado @ http://localhost:3000/js/adapters/dataAdapters/clientesDataAdapter.js?t=1772954286345:44
[  620369ms] [ERROR] [prestamosDataAdapter.load] No autorizado @ http://localhost:3000/js/adapters/dataAdapters/prestamosDataAdapter.js?t=1772954286300:42
[  620370ms] [ERROR] [cobranzasDataAdapter.loadOverduePayments] No autorizado @ http://localhost:3000/js/adapters/cobranzasDataAdapter.js?t=1772954286484:72
[  620370ms] [ERROR] [cobranzasDataAdapter.loadActiveCollections] No autorizado @ http://localhost:3000/js/adapters/cobranzasDataAdapter.js?t=1772954286484:126
[  741443ms] [ERROR] [clientesDataAdapter.load] No autorizado @ http://localhost:3000/js/adapters/dataAdapters/clientesDataAdapter.js?t=1772954286345:44
[  741444ms] [ERROR] [prestamosDataAdapter.load] No autorizado @ http://localhost:3000/js/adapters/dataAdapters/prestamosDataAdapter.js?t=1772954286300:42
[  741444ms] [ERROR] [cobranzasDataAdapter.loadOverduePayments] No autorizado @ http://localhost:3000/js/adapters/cobranzasDataAdapter.js?t=1772954286484:72
[  741444ms] [ERROR] [cobranzasDataAdapter.loadActiveCollections] No autorizado @ http://localhost:3000/js/adapters/cobranzasDataAdapter.js?t=1772954286484:126
[ 1011511ms] [ERROR] [clientesDataAdapter.load] No autorizado @ http://localhost:3000/js/adapters/dataAdapters/clientesDataAdapter.js?t=1772954286345:44
[ 1011512ms] [ERROR] [prestamosDataAdapter.load] No autorizado @ http://localhost:3000/js/adapters/dataAdapters/prestamosDataAdapter.js?t=1772954286300:42
[ 1011512ms] [ERROR] [cobranzasDataAdapter.loadOverduePayments] No autorizado @ http://localhost:3000/js/adapters/cobranzasDataAdapter.js?t=1772954286484:72
[ 1011513ms] [ERROR] [cobranzasDataAdapter.loadActiveCollections] No autorizado @ http://localhost:3000/js/adapters/cobranzasDataAdapter.js?t=1772954286484:126
[ 1436769ms] [ERROR] [clientesDataAdapter.load] No autorizado @ http://localhost:3000/js/adapters/dataAdapters/clientesDataAdapter.js?t=1772954286345:44
[ 1436769ms] [ERROR] [prestamosDataAdapter.load] No autorizado @ http://localhost:3000/js/adapters/dataAdapters/prestamosDataAdapter.js?t=1772954286300:42
[ 1436770ms] [ERROR] [cobranzasDataAdapter.loadOverduePayments] No autorizado @ http://localhost:3000/js/adapters/cobranzasDataAdapter.js?t=1772954286484:72
[ 1436770ms] [ERROR] [cobranzasDataAdapter.loadActiveCollections] No autorizado @ http://localhost:3000/js/adapters/cobranzasDataAdapter.js?t=1772954286484:126
[ 1467031ms] [ERROR] [clientesDataAdapter.load] No autorizado @ http://localhost:3000/js/adapters/dataAdapters/clientesDataAdapter.js?t=1772954286345:44
[ 1467033ms] [ERROR] [prestamosDataAdapter.load] No autorizado @ http://localhost:3000/js/adapters/dataAdapters/prestamosDataAdapter.js?t=1772954286300:42
[ 1467033ms] [ERROR] [cobranzasDataAdapter.loadOverduePayments] No autorizado @ http://localhost:3000/js/adapters/cobranzasDataAdapter.js?t=1772954286484:72
[ 1467035ms] [ERROR] [cobranzasDataAdapter.loadActiveCollections] No autorizado @ http://localhost:3000/js/adapters/cobranzasDataAdapter.js?t=1772954286484:126
[ 1485150ms] [ERROR] [clientesDataAdapter.load] No autorizado @ http://localhost:3000/js/adapters/dataAdapters/clientesDataAdapter.js?t=1772954286345:44
[ 1485151ms] [ERROR] [prestamosDataAdapter.load] No autorizado @ http://localhost:3000/js/adapters/dataAdapters/prestamosDataAdapter.js?t=1772954286300:42
[ 1485152ms] [ERROR] [cobranzasDataAdapter.loadOverduePayments] No autorizado @ http://localhost:3000/js/adapters/cobranzasDataAdapter.js?t=1772954286484:72
[ 1485153ms] [ERROR] [cobranzasDataAdapter.loadActiveCollections] No autorizado @ http://localhost:3000/js/adapters/cobranzasDataAdapter.js?t=1772954286484:126
[ 1514045ms] [ERROR] [clientesDataAdapter.load] No autorizado @ http://localhost:3000/js/adapters/dataAdapters/clientesDataAdapter.js?t=1772954286345:44
[ 1514047ms] [ERROR] [prestamosDataAdapter.load] No autorizado @ http://localhost:3000/js/adapters/dataAdapters/prestamosDataAdapter.js?t=1772955701869:42
[ 1514048ms] [ERROR] [cobranzasDataAdapter.loadOverduePayments] No autorizado @ http://localhost:3000/js/adapters/cobranzasDataAdapter.js?t=1772954286484:72
[ 1514048ms] [ERROR] [cobranzasDataAdapter.loadActiveCollections] No autorizado @ http://localhost:3000/js/adapters/cobranzasDataAdapter.js?t=1772954286484:126
[ 1871080ms] [ERROR] [clientesDataAdapter.load] No autorizado @ http://localhost:3000/js/adapters/dataAdapters/clientesDataAdapter.js?t=1772954286345:44
[ 1871081ms] [ERROR] [prestamosDataAdapter.load] No autorizado @ http://localhost:3000/js/adapters/dataAdapters/prestamosDataAdapter.js?t=1772955701869:42
[ 1871084ms] [ERROR] [cobranzasDataAdapter.loadOverduePayments] No autorizado @ http://localhost:3000/js/adapters/cobranzasDataAdapter.js?t=1772954286484:72
[ 1871090ms] [ERROR] [cobranzasDataAdapter.loadActiveCollections] No autorizado @ http://localhost:3000/js/adapters/cobranzasDataAdapter.js?t=1772954286484:126
[ 1908567ms] [ERROR] [clientesDataAdapter.load] No autorizado @ http://localhost:3000/js/adapters/dataAdapters/clientesDataAdapter.js?t=1772954286345:44
[ 1908568ms] [ERROR] [prestamosDataAdapter.load] No autorizado @ http://localhost:3000/js/adapters/dataAdapters/prestamosDataAdapter.js?t=1772955701869:42
[ 1908570ms] [ERROR] [cobranzasDataAdapter.loadOverduePayments] No autorizado @ http://localhost:3000/js/adapters/cobranzasDataAdapter.js?t=1772954286484:72
[ 1908574ms] [ERROR] [cobranzasDataAdapter.loadActiveCollections] No autorizado @ http://localhost:3000/js/adapters/cobranzasDataAdapter.js?t=1772954286484:126
[ 1937540ms] [ERROR] [clientesDataAdapter.load] No autorizado @ http://localhost:3000/js/adapters/dataAdapters/clientesDataAdapter.js?t=1772954286345:44
[ 1937542ms] [ERROR] [prestamosDataAdapter.load] No autorizado @ http://localhost:3000/js/adapters/dataAdapters/prestamosDataAdapter.js?t=1772955701869:42
[ 1937543ms] [ERROR] [cobranzasDataAdapter.loadOverduePayments] No autorizado @ http://localhost:3000/js/adapters/cobranzasDataAdapter.js?t=1772954286484:72
[ 1937546ms] [ERROR] [cobranzasDataAdapter.loadActiveCollections] No autorizado @ http://localhost:3000/js/adapters/cobranzasDataAdapter.js?t=1772954286484:126
[ 2058894ms] [ERROR] [clientesDataAdapter.load] No autorizado @ http://localhost:3000/js/adapters/dataAdapters/clientesDataAdapter.js?t=1772954286345:44
[ 2058896ms] [ERROR] [prestamosDataAdapter.load] No autorizado @ http://localhost:3000/js/adapters/dataAdapters/prestamosDataAdapter.js?t=1772955701869:42
[ 2058897ms] [ERROR] [cobranzasDataAdapter.loadOverduePayments] No autorizado @ http://localhost:3000/js/adapters/cobranzasDataAdapter.js?t=1772954286484:72
[ 2058898ms] [ERROR] [cobranzasDataAdapter.loadActiveCollections] No autorizado @ http://localhost:3000/js/adapters/cobranzasDataAdapter.js?t=1772954286484:126
[ 2326268ms] [ERROR] [clientesDataAdapter.load] No autorizado @ http://localhost:3000/js/adapters/dataAdapters/clientesDataAdapter.js?t=1772954286345:44
[ 2326270ms] [ERROR] [prestamosDataAdapter.load] No autorizado @ http://localhost:3000/js/adapters/dataAdapters/prestamosDataAdapter.js?t=1772955701869:42
[ 2326271ms] [ERROR] [cobranzasDataAdapter.loadOverduePayments] No autorizado @ http://localhost:3000/js/adapters/cobranzasDataAdapter.js?t=1772954286484:72
[ 2326271ms] [ERROR] [cobranzasDataAdapter.loadActiveCollections] No autorizado @ http://localhost:3000/js/adapters/cobranzasDataAdapter.js?t=1772954286484:126
